// Jest Snapshot v1, https://goo.gl/fbAQLP

exports[`ProjectList filters the list based on the route: playstation 1`] = `"Twitch"`;

exports[`ProjectList filters the list based on the route: playstation 2`] = `"PlayStation"`;

exports[`ProjectList filters the list based on the route: playstation 3`] = `"Al Jazeera"`;

exports[`ProjectList filters the list based on the route: playstation 4`] = `"PlayStation"`;

exports[`ProjectList filters the list based on the route: playstation 5`] = `"HP"`;

exports[`ProjectList filters the list based on the route: playstation 6`] = `"PlayStation"`;

exports[`ProjectList filters the list based on the route: playstation 7`] = `"Ketel One Vodka"`;

exports[`ProjectList filters the list based on the route: playstation 8`] = `"PlayStation"`;

exports[`ProjectList filters the list based on the route: playstation 9`] = `"Dr. Martens"`;

exports[`ProjectList filters the list based on the route: playstation 10`] = `"HP"`;

exports[`ProjectList filters the list based on the route: playstation 11`] = `"adidas"`;

exports[`ProjectList filters the list based on the route: playstation 12`] = `"PlayStation"`;

exports[`ProjectList filters the list based on the route: playstation 13`] = `"PlayStation"`;

exports[`ProjectList filters the list based on the route: playstation 14`] = `"PlayStation"`;

exports[`ProjectList filters the list based on the route: playstation 15`] = `"HP"`;

exports[`ProjectList filters the list based on the route: playstation 16`] = `"PlayStation"`;

exports[`ProjectList filters the list based on the route: playstation 17`] = `"PlayStation"`;

exports[`ProjectList filters the list based on the route: playstation 18`] = `"EA SPORTS"`;

exports[`ProjectList filters the list based on the route: playstation 19`] = `"HP"`;

exports[`ProjectList filters the list based on the route: playstation 20`] = `"Sega"`;

exports[`ProjectList filters the list based on the route: playstation 21`] = `"PlayStation"`;

exports[`ProjectList filters the list based on the route: playstation 22`] = `"PlayStation"`;

exports[`ProjectList filters the list based on the route: playstation 23`] = `"Lilly"`;

exports[`ProjectList filters the list based on the route: playstation 24`] = `"HP"`;

exports[`ProjectList filters the list based on the route: playstation 25`] = `"PlayStation"`;

exports[`ProjectList filters the list based on the route: playstation 26`] = `"PlayStation"`;

exports[`ProjectList filters the list based on the route: playstation 27`] = `"PlayStation"`;

exports[`ProjectList filters the list based on the route: playstation 28`] = `"EA SPORTS"`;

exports[`ProjectList filters the list based on the route: playstation 29`] = `"HP"`;

exports[`ProjectList filters the list based on the route: playstation 30`] = `"MTV"`;

exports[`ProjectList renders a list of projects 1`] = `
<div>
  <div
    class="masonryGrid"
    data-test-id="masonry-wrap"
  >
    <div
      class="masonryColumn"
      style="width: 33.333333333333336%;"
    >
      <article
        class="wrap"
      >
        <a
          class="link"
          href="/twitch/creators-campaign"
        >
          <div
            class="imageWrap"
          />
          <h1
            class="title"
          >
            Twitch Creators Campaign
          </h1>
          <div
            class="client"
          >
            Twitch
          </div>
        </a>
      </article>
      <article
        class="wrap"
      >
        <a
          class="link"
          href="/playstation/detroit-how-far-would-you-go-to-be-free"
        >
          <div
            class="imageWrap"
          />
          <h1
            class="title"
          >
            How far would you go to be free?
          </h1>
          <div
            class="client"
          >
            PlayStation
          </div>
        </a>
      </article>
      <article
        class="wrap"
      >
        <a
          class="link"
          href="/al-jazeera/demandpressfreedom"
        >
          <div
            class="imageWrap"
          />
          <h1
            class="title"
          >
            #DemandPressFreedom
          </h1>
          <div
            class="client"
          >
            Al Jazeera
          </div>
        </a>
      </article>
      <article
        class="wrap"
      >
        <a
          class="link"
          href="/playstation/earth-is-ours-no-more"
        >
          <div
            class="imageWrap"
          />
          <h1
            class="title"
          >
            Earth is Ours No More
          </h1>
          <div
            class="client"
          >
            PlayStation
          </div>
        </a>
      </article>
      <article
        class="wrap"
      >
        <a
          class="link"
          href="/hp/hp-ellie-goulding-burn"
        >
          <div
            class="imageWrap"
          />
          <h1
            class="title"
          >
            Ellie Goulding
          </h1>
          <div
            class="client"
          >
            HP
          </div>
        </a>
      </article>
      <article
        class="wrap"
      >
        <a
          class="link"
          href="/playstation/driveclub-drive-together-win-together"
        >
          <div
            class="imageWrap"
          />
          <h1
            class="title"
          >
            Drive Together, Win Together
          </h1>
          <div
            class="client"
          >
            PlayStation
          </div>
        </a>
      </article>
      <article
        class="wrap"
      >
        <a
          class="link"
          href="/ketel-one/ketel-one-do-one-thing-well"
        >
          <div
            class="imageWrap"
          />
          <h1
            class="title"
          >
            Do One Thing Well 
          </h1>
          <div
            class="client"
          >
            Ketel One Vodka
          </div>
        </a>
      </article>
      <article
        class="wrap"
      >
        <a
          class="link"
          href="/playstation/ps-vita-the-world-is-in-play"
        >
          <div
            class="imageWrap"
          />
          <h1
            class="title"
          >
            The World is in Play
          </h1>
          <div
            class="client"
          >
            PlayStation
          </div>
        </a>
      </article>
      <article
        class="wrap"
      >
        <a
          class="link"
          href="/dr-martens/freedm"
        >
          <div
            class="imageWrap"
          />
          <h1
            class="title"
          >
            FREEDM
          </h1>
          <div
            class="client"
          >
            Dr. Martens
          </div>
        </a>
      </article>
      <article
        class="wrap"
      >
        <a
          class="link"
          href="/hp/hp-everything-is-possible"
        >
          <div
            class="imageWrap"
          />
          <h1
            class="title"
          >
            Everything is Possible
          </h1>
          <div
            class="client"
          >
            HP
          </div>
        </a>
      </article>
    </div>
    <div
      class="masonryColumn"
      style="width: 33.333333333333336%;"
    >
      <article
        class="wrap"
      >
        <a
          class="link"
          href="/adidas/futurecraft-loop"
        >
          <div
            class="imageWrap"
          />
          <h1
            class="title"
          >
            [FUTURECRAFT] Loop
          </h1>
          <div
            class="client"
          >
            adidas
          </div>
        </a>
      </article>
      <article
        class="wrap"
      >
        <a
          class="link"
          href="/playstation/gt-sport-where-the-world-comes-to-race"
        >
          <div
            class="imageWrap"
          />
          <h1
            class="title"
          >
            Where the World Comes to Race
          </h1>
          <div
            class="client"
          >
            PlayStation
          </div>
        </a>
      </article>
      <article
        class="wrap"
      >
        <a
          class="link"
          href="/playstation/psvr-launch-live-the-game"
        >
          <div
            class="imageWrap"
          />
          <h1
            class="title"
          >
            Live the Game
          </h1>
          <div
            class="client"
          >
            PlayStation
          </div>
        </a>
      </article>
      <article
        class="wrap"
      >
        <a
          class="link"
          href="/playstation/wonderful-life-of-a-ps4-player"
        >
          <div
            class="imageWrap"
          />
          <h1
            class="title"
          >
            The Wonderful Life of a PS4 Player
          </h1>
          <div
            class="client"
          >
            PlayStation
          </div>
        </a>
      </article>
      <article
        class="wrap"
      >
        <a
          class="link"
          href="/hp/hp-omen-challenge"
        >
          <div
            class="imageWrap"
          />
          <h1
            class="title"
          >
            The HP Omen Challenge
          </h1>
          <div
            class="client"
          >
            HP
          </div>
        </a>
      </article>
      <article
        class="wrap"
      >
        <a
          class="link"
          href="/playstation/welcome-to-the-future-of-play"
        >
          <div
            class="imageWrap"
          />
          <h1
            class="title"
          >
            Welcome to the Future of Play
          </h1>
          <div
            class="client"
          >
            PlayStation
          </div>
        </a>
      </article>
      <article
        class="wrap"
      >
        <a
          class="link"
          href="/playstation/playstation-all-stars-battle-royale"
        >
          <div
            class="imageWrap"
          />
          <h1
            class="title"
          >
            The Best of the Best of the Best
          </h1>
          <div
            class="client"
          >
            PlayStation
          </div>
        </a>
      </article>
      <article
        class="wrap"
      >
        <a
          class="link"
          href="/ea-sports/ea-sports-fifa10-how-big-can-football-get"
        >
          <div
            class="imageWrap"
          />
          <h1
            class="title"
          >
            FIFA 10: How Big Can Football Get? 
          </h1>
          <div
            class="client"
          >
            EA SPORTS
          </div>
        </a>
      </article>
      <article
        class="wrap"
      >
        <a
          class="link"
          href="/hp/apple-ipod-from-hp"
        >
          <div
            class="imageWrap"
          />
          <h1
            class="title"
          >
            You Let Musical Worlds Collide
          </h1>
          <div
            class="client"
          >
            HP
          </div>
        </a>
      </article>
      <article
        class="wrap"
      >
        <a
          class="link"
          href="/sega/sega-dreamcast-its-thinking"
        >
          <div
            class="imageWrap"
          />
          <h1
            class="title"
          >
            It’s Thinking
          </h1>
          <div
            class="client"
          >
            Sega
          </div>
        </a>
      </article>
    </div>
    <div
      class="masonryColumn"
      style="width: 33.333333333333336%;"
    >
      <article
        class="wrap"
      >
        <a
          class="link"
          href="/playstation/ps4-this-could-be-you"
        >
          <div
            class="imageWrap"
          />
          <h1
            class="title"
          >
            This Could Be You
          </h1>
          <div
            class="client"
          >
            PlayStation
          </div>
        </a>
      </article>
      <article
        class="wrap"
      >
        <a
          class="link"
          href="/playstation/playlink-all-in-play-on"
        >
          <div
            class="imageWrap"
          />
          <h1
            class="title"
          >
            All in. Play on.
          </h1>
          <div
            class="client"
          >
            PlayStation
          </div>
        </a>
      </article>
      <article
        class="wrap"
      >
        <a
          class="link"
          href="/lilly/diabetes-uk"
        >
          <div
            class="imageWrap"
          />
          <h1
            class="title"
          >
            Lilly Diabetes UK
          </h1>
          <div
            class="client"
          >
            Lilly
          </div>
        </a>
      </article>
      <article
        class="wrap"
      >
        <a
          class="link"
          href="/hp/hp-epicmehp"
        >
          <div
            class="imageWrap"
          />
          <h1
            class="title"
          >
            #EpicMeHP
          </h1>
          <div
            class="client"
          >
            HP
          </div>
        </a>
      </article>
      <article
        class="wrap"
      >
        <a
          class="link"
          href="/playstation/psfc-welcome-the-worlds-biggest-club"
        >
          <div
            class="imageWrap"
          />
          <h1
            class="title"
          >
            Welcome to the World's Biggest Club
          </h1>
          <div
            class="client"
          >
            PlayStation
          </div>
        </a>
      </article>
      <article
        class="wrap"
      >
        <a
          class="link"
          href="/playstation/ps4-launch-this-is-for-the-players"
        >
          <div
            class="imageWrap"
          />
          <h1
            class="title"
          >
            PS4: This is for the Players
          </h1>
          <div
            class="client"
          >
            PlayStation
          </div>
        </a>
      </article>
      <article
        class="wrap"
      >
        <a
          class="link"
          href="/playstation/could-you-be-the-last-of-us"
        >
          <div
            class="imageWrap"
          />
          <h1
            class="title"
          >
            Could you be the Last of Us?
          </h1>
          <div
            class="client"
          >
            PlayStation
          </div>
        </a>
      </article>
      <article
        class="wrap"
      >
        <a
          class="link"
          href="/ea-sports/fifa-street-3"
        >
          <div
            class="imageWrap"
          />
          <h1
            class="title"
          >
            FIFA Street 3
          </h1>
          <div
            class="client"
          >
            EA SPORTS
          </div>
        </a>
      </article>
      <article
        class="wrap"
      >
        <a
          class="link"
          href="/hp/you+hp"
        >
          <div
            class="imageWrap"
          />
          <h1
            class="title"
          >
            You+hp
          </h1>
          <div
            class="client"
          >
            HP
          </div>
        </a>
      </article>
      <article
        class="wrap"
      >
        <a
          class="link"
          href="/mtv/mtv"
        >
          <div
            class="imageWrap"
          />
          <h1
            class="title"
          >
            MTV
          </h1>
          <div
            class="client"
          >
            MTV
          </div>
        </a>
      </article>
    </div>
  </div>
</div>
`;
