// Jest Snapshot v1, https://goo.gl/fbAQLP

exports[`AboutContent renders when content is passed 1`] = `
<div>
  <div
    class="wrap"
  >
    <div
      class="col"
    >
      <h3
        class="title"
      />
    </div>
    <div
      class="col"
    >
      <h3
        class="title"
      />
    </div>
  </div>
</div>
`;
